


ARM Macro Assembler    Page 1 


    1 00000000         ; kalman.s
    2 00000000         
    3 00000000         ; comments, purpose of code, inputs, outputs, errors.
    4 00000000         
    5 00000000                 AREA             FILTERCODE, CODE ; Define area 
                                                            to be code
    6 00000000                 EXPORT           kalman      ; Declare symbol to
                                                             be exported
    7 00000000         
    8 00000000         kalman
    9 00000000 460D            MOV              R5, R1
   10 00000002 F04F 0603       MOV              R6, #3
   11 00000006 4770            BX               R14
   12 00000008         
   13 00000008                 END
Command Line: --debug --xref --cpu=Cortex-M4.fp --apcs=interwork --depend=kalma
n.d -okalman.o -IC:\Keil\ARM\CMSIS\Include -IC:\Keil\ARM\Inc\ST\STM32F4xx --lis
t=kalman.lst kalman.s



ARM Macro Assembler    Page 1 Alphabetic symbol ordering
Relocatable symbols

FILTERCODE 00000000

Symbol: FILTERCODE
   Definitions
      At line 5 in file kalman.s
   Uses
      None
Comment: FILTERCODE unused
kalman 00000000

Symbol: kalman
   Definitions
      At line 8 in file kalman.s
   Uses
      At line 6 in file kalman.s
Comment: kalman used once
2 symbols
333 symbols in table
